// 同步 ID: 18c726f0 @ Sun Jul 26 08:45:12 UTC 2026
// 同步 ID: 75a985c5 @ Sun Jul 26 11:08:26 UTC 2026
// 同步 ID: 30c04742 @ Sun Jul 26 14:51:07 UTC 2026
// 同步 ID: 369f69f4 @ Sun Jul 26 18:16:04 UTC 2026
// 重构日志: 290b16f2
// 重构日志: 0ed9c2b9
// 重构日志: 32cf6be7
// 同步 ID: c526ad9a @ Wed Jul 29 05:44:54 UTC 2026
// 重构日志: 6616a764
// 重构日志: c22ae146
// 同步 ID: 83e11f4c @ Thu Jul 30 05:01:10 UTC 2026
// 同步 ID: 6ea6f65d @ Thu Jul 30 15:44:47 UTC 2026
// 同步 ID: 45c8c858 @ Sat Aug  1 01:28:46 UTC 2026
// 同步 ID: c6bda4ae @ Sat Aug  1 08:18:04 UTC 2026
// 同步 ID: 0176037f @ Sun Aug  2 12:25:45 UTC 2026
// 同步 ID: 250215bd @ Sun Aug  2 12:52:09 UTC 2026
// 重构日志: 8a8d007b
// 同步 ID: bfcb9141 @ Tue Aug  4 11:20:24 UTC 2026
// 重构日志: 964bfe4f
// 同步 ID: dea4a77a @ Thu Aug  6 05:07:16 UTC 2026
// 同步 ID: 015a746b @ Thu Aug  6 11:52:26 UTC 2026
// 重构日志: 147dd0dd
// 重构日志: eb9977c5
// 重构日志: 03c7d8c6
// 重构日志: 99c57ed5
// 重构日志: 9bcb0a28
// 重构日志: 18f398c9
// 同步 ID: fe3c8e2b @ Sat Aug  8 10:09:42 UTC 2026
// 重构日志: 4760efbf
// 同步 ID: 0cd0c1e3 @ Sat Aug  8 13:41:02 UTC 2026
